../Core/Src/main.c:97:6:microDelay	16	static
../Core/Src/main.c:103:9:DHT11_Start	32	static
../Core/Src/main.c:134:9:DHT11_Read	16	static
../Core/Src/main.c:165:5:main	32	static,ignoring_inline_asm
../Core/Src/main.c:366:6:SystemClock_Config	88	static
../Core/Src/main.c:413:13:MX_TIM1_Init	32	static
../Core/Src/main.c:459:13:MX_USART1_UART_Init	8	static
../Core/Src/main.c:492:13:MX_USART2_UART_Init	8	static
../Core/Src/main.c:525:13:MX_GPIO_Init	48	static
../Core/Src/main.c:597:6:Error_Handler	4	static,ignoring_inline_asm
